//////////////////----Double_Hash_Table-----//////////////////

structure: 11 23 13 45 65 111 75 94 546 86 21 

//////////////////----Line_Hash_Table-----//////////////////

structure: 75 23 13 45 11 65 94 111 546 86 21 

//////////////////----Chain_Hash_Table-----//////////////////

structure: 11 111 45 23 2 13 94 843 546 75 86 65 21 
