
//////////////////----Double_Hash_Table-----//////////////////

structure: 99 32 123 784 88 1 645 65 
2 hasn't found
43 hasn't found
65 has found
99 has found
32 has found
1 has found
123 has found
784 has found
23 hasn't found
774 hasn't found
111 hasn't found
192 hasn't found
5 hasn't found
771 hasn't found
912 hasn't found
4 hasn't found
11 hasn't found
784 has found
23 hasn't found
774 hasn't found
111 hasn't found
192 hasn't found
5 hasn't found
771 hasn't found
912 hasn't found
4 hasn't found
11 hasn't found
111 hasn't found
192 hasn't found
5 hasn't found
771 hasn't found
912 hasn't found
4 hasn't found
11 hasn't found
784 has found
23 hasn't found
774 hasn't found
111 hasn't found
771 hasn't found
912 hasn't found
4 hasn't found
11 hasn't found
111 hasn't found
192 hasn't found
5 hasn't found
771 hasn't found
912 hasn't found
4 hasn't found
11 hasn't found
784 has found
23 hasn't found
774 hasn't found
123 has found
784 has found
23 hasn't found
774 hasn't found
111 hasn't found
192 hasn't found
5 hasn't found
771 hasn't found
912 hasn't found
4 hasn't found
11 hasn't found
784 has found
23 hasn't found
774 hasn't found
111 hasn't found
192 hasn't found
5 hasn't found
771 hasn't found
912 hasn't found
4 hasn't found
11 hasn't found
111 hasn't found
192 hasn't found
5 hasn't found
771 hasn't found
912 hasn't found
4 hasn't found
32 has found
1 has found
123 has found
784 has found
23 hasn't found
774 hasn't found
111 hasn't found
192 hasn't found
5 hasn't found
771 hasn't found
912 hasn't found
4 hasn't found
11 hasn't found
784 has found
23 hasn't found
774 hasn't found
111 hasn't found
192 hasn't found
5 hasn't found
43 hasn't found
65 has found
99 has found
32 has found
1 has found
123 has found
784 has found
23 hasn't found
774 hasn't found
111 hasn't found
192 hasn't found
5 hasn't found
771 hasn't found
912 hasn't found
4 hasn't found
11 hasn't found
784 has found
23 hasn't found
771 hasn't found
784 has found
23 hasn't found
774 hasn't found
123 has found
784 has found
23 hasn't found
774 hasn't found
111 hasn't found
192 hasn't found
5 hasn't found
771 hasn't found
912 hasn't found
4 hasn't found
11 hasn't found
784 has found
23 hasn't found
774 hasn't found
111 hasn't found
192 hasn't found
5 hasn't found
771 hasn't found
912 hasn't found
4 hasn't found
11 hasn't found
111 hasn't found
192 hasn't found
5 hasn't found
771 hasn't found
912 hasn't found
4 hasn't found
32 has found
1 has found
123 has found
784 has found
23 hasn't found
774 hasn't found
111 hasn't found
192 hasn't found
5 hasn't found
771 hasn't found
912 hasn't found
4 hasn't found
11 hasn't found
784 has found
23 hasn't found
784 has found
23 hasn't found
774 hasn't found
111 hasn't found
192 hasn't found
5 hasn't found
771 hasn't found
912 hasn't found
4 hasn't found
11 hasn't found
784 has found
23 hasn't found
771 hasn't found
784 has found
4 hasn't found
11 hasn't found
784 has found
23 hasn't found
774 hasn't found
111 hasn't found
192 hasn't found
5 hasn't found
771 hasn't found
912 hasn't found
4 hasn't found
11 hasn't found
111 hasn't found
192 hasn't found
5 hasn't found
771 hasn't found
912 hasn't found
4 hasn't found
32 has found
1 has found
123 has found
912 hasn't found
4 hasn't found
11 hasn't found
111 hasn't found
192 hasn't found
5 hasn't found
771 hasn't found
912 hasn't found
4 hasn't found
11 hasn't found
784 has found
23 hasn't found
774 hasn't found
123 has found
784 has found
23 hasn't found
774 hasn't found
111 hasn't found
192 hasn't found
5 hasn't found
771 hasn't found
912 hasn't found
4 hasn't found
11 hasn't found
784 has found
23 hasn't found
774 hasn't found
111 hasn't found
192 hasn't found
5 hasn't found
771 hasn't found
912 hasn't found
4 hasn't found
11 hasn't found
111 hasn't found
192 hasn't found
5 hasn't found
771 hasn't found
912 hasn't found
4 hasn't found
32 has found
1 has found
123 has found
784 has found
23 hasn't found
774 hasn't found
111 hasn't found
192 hasn't found
5 hasn't found
771 hasn't found
912 hasn't found
4 hasn't found
11 hasn't found
784 has found
23 hasn't found
774 hasn't found
111 hasn't found
192 hasn't found
5 hasn't found
43 hasn't found
65 has found
99 has found
32 has found
1 has found
123 has found
784 has found
23 hasn't found
774 hasn't found
111 hasn't found
192 hasn't found
5 hasn't found
771 hasn't found
912 hasn't found
4 hasn't found
11 hasn't found
784 has found
23 hasn't found
771 hasn't found
784 has found
23 hasn't found
774 hasn't found
123 has found
784 has found
23 hasn't found
774 hasn't found
111 hasn't found
192 hasn't found
5 hasn't found
771 hasn't found
912 hasn't found
4 hasn't found
11 hasn't found
784 has found
23 hasn't found
774 hasn't found
111 hasn't found
192 hasn't found
5 hasn't found
771 hasn't found
912 hasn't found
4 hasn't found
11 hasn't found
111 hasn't found
192 hasn't found
5 hasn't found
771 hasn't found
912 hasn't found
4 hasn't found
32 has found
1 has found
123 has found
784 has found
23 hasn't found
774 hasn't found
111 hasn't found
192 hasn't found
5 hasn't found
771 hasn't found
912 hasn't found
4 hasn't found
11 hasn't found
784 has found
23 hasn't found
784 has found
23 hasn't found
774 hasn't found
111 hasn't found
192 hasn't found
5 hasn't found
771 hasn't found
912 hasn't found
4 hasn't found
11 hasn't found
784 has found
23 hasn't found
771 hasn't found
784 has found
4 hasn't found
11 hasn't found
784 has found
23 hasn't found
5 hasn't found
771 hasn't found
912 hasn't found
4 hasn't found
11 hasn't found
784 has found
23 hasn't found
771 hasn't found
784 has found
23 hasn't found
774 hasn't found
123 has found
784 has found
23 hasn't found
774 hasn't found
111 hasn't found
192 hasn't found
5 hasn't found
771 hasn't found
912 hasn't found
4 hasn't found
11 hasn't found
784 has found
23 hasn't found
774 hasn't found
111 hasn't found
192 hasn't found
5 hasn't found
771 hasn't found
912 hasn't found
4 hasn't found
11 hasn't found
111 hasn't found
192 hasn't found
5 hasn't found
771 hasn't found
912 hasn't found
4 hasn't found
32 has found
1 has found
123 has found
784 has found
23 hasn't found
774 hasn't found
111 hasn't found
192 hasn't found
5 hasn't found
771 hasn't found
912 hasn't found
4 hasn't found
11 hasn't found
784 has found
23 hasn't found
784 has found
23 hasn't found
774 hasn't found
111 hasn't found
192 hasn't found
5 hasn't found
771 hasn't found
912 hasn't found
4 hasn't found
11 hasn't found
784 has found
23 hasn't found
771 hasn't found
784 has found
4 hasn't found
11 hasn't found
784 has found
23 hasn't found
774 hasn't found
111 hasn't found
192 hasn't found
5 hasn't found
771 hasn't found
912 hasn't found
4 hasn't found
11 hasn't found
111 hasn't found
192 hasn't found
5 hasn't found
771 hasn't found
912 hasn't found
4 hasn't found
32 has found
1 has found
123 has found
912 hasn't found
4 hasn't found
11 hasn't found
111 hasn't found
192 hasn't found
5 hasn't found
771 hasn't found
912 hasn't found
4 hasn't found
11 hasn't found
784 has found
23 hasn't found
774 hasn't found
123 has found
784 has found
23 hasn't found
774 hasn't found
111 hasn't found
192 hasn't found
5 hasn't found
771 hasn't found
912 hasn't found
4 hasn't found
11 hasn't found
784 has found
23 hasn't found
774 hasn't found
111 hasn't found
192 hasn't found
5 hasn't found
771 hasn't found
912 hasn't found
4 hasn't found
11 hasn't found
111 hasn't found
192 hasn't found
5 hasn't found
771 hasn't found
912 hasn't found
4 hasn't found
32 has found
1 has found
123 has found
784 has found
23 hasn't found
774 hasn't found
111 hasn't found
192 hasn't found
5 hasn't found
771 hasn't found
912 hasn't found
4 hasn't found
11 hasn't found
784 has found
23 hasn't found
774 hasn't found
111 hasn't found
192 hasn't found
5 hasn't found
43 hasn't found
65 has found
99 has found
32 has found
1 has found
123 has found
784 has found
23 hasn't found
774 hasn't found
111 hasn't found
192 hasn't found
5 hasn't found
771 hasn't found
912 hasn't found
4 hasn't found
11 hasn't found
784 has found
23 hasn't found
771 hasn't found
784 has found
23 hasn't found
774 hasn't found
123 has found
784 has found
23 hasn't found
774 hasn't found
111 hasn't found
192 hasn't found
5 hasn't found
771 hasn't found
912 hasn't found
4 hasn't found
11 hasn't found
784 has found
23 hasn't found
774 hasn't found
111 hasn't found
192 hasn't found
5 hasn't found
771 hasn't found
912 hasn't found
4 hasn't found
11 hasn't found
111 hasn't found
192 hasn't found
5 hasn't found
771 hasn't found
912 hasn't found
4 hasn't found
32 has found
1 has found
123 has found
784 has found
23 hasn't found
774 hasn't found
111 hasn't found
192 hasn't found
5 hasn't found
771 hasn't found
912 hasn't found
4 hasn't found
11 hasn't found
784 has found
23 hasn't found
784 has found
23 hasn't found
774 hasn't found
111 hasn't found
192 hasn't found
5 hasn't found
771 hasn't found
912 hasn't found
4 hasn't found
11 hasn't found
784 has found
23 hasn't found
771 hasn't found
784 has found
4 hasn't found
11 hasn't found
784 has found
23 hasn't found
774 hasn't found
111 hasn't found
192 hasn't found
5 hasn't found
771 hasn't found
912 hasn't found
4 hasn't found
11 hasn't found
784 has found
23 hasn't found
771 hasn't found
784 has found
4 hasn't found
11 hasn't found
784 has found
23 hasn't found
2 hasn't found
77 hasn't found
192 hasn't found
224 hasn't found
18 hasn't found
1 has found

//////////////////----Line_Hash_Table-----//////////////////

structure: 99 32 123 784 88 1 645 65 
2 hasn't found
43 hasn't found
65 has found
99 has found
32 has found
1 has found
123 has found
784 has found
23 hasn't found
774 hasn't found
111 hasn't found
192 hasn't found
5 hasn't found
771 hasn't found
912 hasn't found
4 hasn't found
11 hasn't found
784 has found
23 hasn't found
774 hasn't found
111 hasn't found
192 hasn't found
5 hasn't found
771 hasn't found
912 hasn't found
4 hasn't found
11 hasn't found
111 hasn't found
192 hasn't found
5 hasn't found
771 hasn't found
912 hasn't found
4 hasn't found
11 hasn't found
784 has found
23 hasn't found
774 hasn't found
111 hasn't found
771 hasn't found
912 hasn't found
4 hasn't found
11 hasn't found
111 hasn't found
192 hasn't found
5 hasn't found
771 hasn't found
912 hasn't found
4 hasn't found
11 hasn't found
784 has found
23 hasn't found
774 hasn't found
123 has found
784 has found
23 hasn't found
774 hasn't found
111 hasn't found
192 hasn't found
5 hasn't found
771 hasn't found
912 hasn't found
4 hasn't found
11 hasn't found
784 has found
23 hasn't found
774 hasn't found
111 hasn't found
192 hasn't found
5 hasn't found
771 hasn't found
912 hasn't found
4 hasn't found
11 hasn't found
111 hasn't found
192 hasn't found
5 hasn't found
771 hasn't found
912 hasn't found
4 hasn't found
32 has found
1 has found
123 has found
784 has found
23 hasn't found
774 hasn't found
111 hasn't found
192 hasn't found
5 hasn't found
771 hasn't found
912 hasn't found
4 hasn't found
11 hasn't found
784 has found
23 hasn't found
774 hasn't found
111 hasn't found
192 hasn't found
5 hasn't found
43 hasn't found
65 has found
99 has found
32 has found
1 has found
123 has found
784 has found
23 hasn't found
774 hasn't found
111 hasn't found
192 hasn't found
5 hasn't found
771 hasn't found
912 hasn't found
4 hasn't found
11 hasn't found
784 has found
23 hasn't found
771 hasn't found
784 has found
23 hasn't found
774 hasn't found
123 has found
784 has found
23 hasn't found
774 hasn't found
111 hasn't found
192 hasn't found
5 hasn't found
771 hasn't found
912 hasn't found
4 hasn't found
11 hasn't found
784 has found
23 hasn't found
774 hasn't found
111 hasn't found
192 hasn't found
5 hasn't found
771 hasn't found
912 hasn't found
4 hasn't found
11 hasn't found
111 hasn't found
192 hasn't found
5 hasn't found
771 hasn't found
912 hasn't found
4 hasn't found
32 has found
1 has found
123 has found
784 has found
23 hasn't found
774 hasn't found
111 hasn't found
192 hasn't found
5 hasn't found
771 hasn't found
912 hasn't found
4 hasn't found
11 hasn't found
784 has found
23 hasn't found
784 has found
23 hasn't found
774 hasn't found
111 hasn't found
192 hasn't found
5 hasn't found
771 hasn't found
912 hasn't found
4 hasn't found
11 hasn't found
784 has found
23 hasn't found
771 hasn't found
784 has found
4 hasn't found
11 hasn't found
784 has found
23 hasn't found
774 hasn't found
111 hasn't found
192 hasn't found
5 hasn't found
771 hasn't found
912 hasn't found
4 hasn't found
11 hasn't found
111 hasn't found
192 hasn't found
5 hasn't found
771 hasn't found
912 hasn't found
4 hasn't found
32 has found
1 has found
123 has found
912 hasn't found
4 hasn't found
11 hasn't found
111 hasn't found
192 hasn't found
5 hasn't found
771 hasn't found
912 hasn't found
4 hasn't found
11 hasn't found
784 has found
23 hasn't found
774 hasn't found
123 has found
784 has found
23 hasn't found
774 hasn't found
111 hasn't found
192 hasn't found
5 hasn't found
771 hasn't found
912 hasn't found
4 hasn't found
11 hasn't found
784 has found
23 hasn't found
774 hasn't found
111 hasn't found
192 hasn't found
5 hasn't found
771 hasn't found
912 hasn't found
4 hasn't found
11 hasn't found
111 hasn't found
192 hasn't found
5 hasn't found
771 hasn't found
912 hasn't found
4 hasn't found
32 has found
1 has found
123 has found
784 has found
23 hasn't found
774 hasn't found
111 hasn't found
192 hasn't found
5 hasn't found
771 hasn't found
912 hasn't found
4 hasn't found
11 hasn't found
784 has found
23 hasn't found
774 hasn't found
111 hasn't found
192 hasn't found
5 hasn't found
43 hasn't found
65 has found
99 has found
32 has found
1 has found
123 has found
784 has found
23 hasn't found
774 hasn't found
111 hasn't found
192 hasn't found
5 hasn't found
771 hasn't found
912 hasn't found
4 hasn't found
11 hasn't found
784 has found
23 hasn't found
771 hasn't found
784 has found
23 hasn't found
774 hasn't found
123 has found
784 has found
23 hasn't found
774 hasn't found
111 hasn't found
192 hasn't found
5 hasn't found
771 hasn't found
912 hasn't found
4 hasn't found
11 hasn't found
784 has found
23 hasn't found
774 hasn't found
111 hasn't found
192 hasn't found
5 hasn't found
771 hasn't found
912 hasn't found
4 hasn't found
11 hasn't found
111 hasn't found
192 hasn't found
5 hasn't found
771 hasn't found
912 hasn't found
4 hasn't found
32 has found
1 has found
123 has found
784 has found
23 hasn't found
774 hasn't found
111 hasn't found
192 hasn't found
5 hasn't found
771 hasn't found
912 hasn't found
4 hasn't found
11 hasn't found
784 has found
23 hasn't found
784 has found
23 hasn't found
774 hasn't found
111 hasn't found
192 hasn't found
5 hasn't found
771 hasn't found
912 hasn't found
4 hasn't found
11 hasn't found
784 has found
23 hasn't found
771 hasn't found
784 has found
4 hasn't found
11 hasn't found
784 has found
23 hasn't found
5 hasn't found
771 hasn't found
912 hasn't found
4 hasn't found
11 hasn't found
784 has found
23 hasn't found
771 hasn't found
784 has found
23 hasn't found
774 hasn't found
123 has found
784 has found
23 hasn't found
774 hasn't found
111 hasn't found
192 hasn't found
5 hasn't found
771 hasn't found
912 hasn't found
4 hasn't found
11 hasn't found
784 has found
23 hasn't found
774 hasn't found
111 hasn't found
192 hasn't found
5 hasn't found
771 hasn't found
912 hasn't found
4 hasn't found
11 hasn't found
111 hasn't found
192 hasn't found
5 hasn't found
771 hasn't found
912 hasn't found
4 hasn't found
32 has found
1 has found
123 has found
784 has found
23 hasn't found
774 hasn't found
111 hasn't found
192 hasn't found
5 hasn't found
771 hasn't found
912 hasn't found
4 hasn't found
11 hasn't found
784 has found
23 hasn't found
784 has found
23 hasn't found
774 hasn't found
111 hasn't found
192 hasn't found
5 hasn't found
771 hasn't found
912 hasn't found
4 hasn't found
11 hasn't found
784 has found
23 hasn't found
771 hasn't found
784 has found
4 hasn't found
11 hasn't found
784 has found
23 hasn't found
774 hasn't found
111 hasn't found
192 hasn't found
5 hasn't found
771 hasn't found
912 hasn't found
4 hasn't found
11 hasn't found
111 hasn't found
192 hasn't found
5 hasn't found
771 hasn't found
912 hasn't found
4 hasn't found
32 has found
1 has found
123 has found
912 hasn't found
4 hasn't found
11 hasn't found
111 hasn't found
192 hasn't found
5 hasn't found
771 hasn't found
912 hasn't found
4 hasn't found
11 hasn't found
784 has found
23 hasn't found
774 hasn't found
123 has found
784 has found
23 hasn't found
774 hasn't found
111 hasn't found
192 hasn't found
5 hasn't found
771 hasn't found
912 hasn't found
4 hasn't found
11 hasn't found
784 has found
23 hasn't found
774 hasn't found
111 hasn't found
192 hasn't found
5 hasn't found
771 hasn't found
912 hasn't found
4 hasn't found
11 hasn't found
111 hasn't found
192 hasn't found
5 hasn't found
771 hasn't found
912 hasn't found
4 hasn't found
32 has found
1 has found
123 has found
784 has found
23 hasn't found
774 hasn't found
111 hasn't found
192 hasn't found
5 hasn't found
771 hasn't found
912 hasn't found
4 hasn't found
11 hasn't found
784 has found
23 hasn't found
774 hasn't found
111 hasn't found
192 hasn't found
5 hasn't found
43 hasn't found
65 has found
99 has found
32 has found
1 has found
123 has found
784 has found
23 hasn't found
774 hasn't found
111 hasn't found
192 hasn't found
5 hasn't found
771 hasn't found
912 hasn't found
4 hasn't found
11 hasn't found
784 has found
23 hasn't found
771 hasn't found
784 has found
23 hasn't found
774 hasn't found
123 has found
784 has found
23 hasn't found
774 hasn't found
111 hasn't found
192 hasn't found
5 hasn't found
771 hasn't found
912 hasn't found
4 hasn't found
11 hasn't found
784 has found
23 hasn't found
774 hasn't found
111 hasn't found
192 hasn't found
5 hasn't found
771 hasn't found
912 hasn't found
4 hasn't found
11 hasn't found
111 hasn't found
192 hasn't found
5 hasn't found
771 hasn't found
912 hasn't found
4 hasn't found
32 has found
1 has found
123 has found
784 has found
23 hasn't found
774 hasn't found
111 hasn't found
192 hasn't found
5 hasn't found
771 hasn't found
912 hasn't found
4 hasn't found
11 hasn't found
784 has found
23 hasn't found
784 has found
23 hasn't found
774 hasn't found
111 hasn't found
192 hasn't found
5 hasn't found
771 hasn't found
912 hasn't found
4 hasn't found
11 hasn't found
784 has found
23 hasn't found
771 hasn't found
784 has found
4 hasn't found
11 hasn't found
784 has found
23 hasn't found
774 hasn't found
111 hasn't found
192 hasn't found
5 hasn't found
771 hasn't found
912 hasn't found
4 hasn't found
11 hasn't found
784 has found
23 hasn't found
771 hasn't found
784 has found
4 hasn't found
11 hasn't found
784 has found
23 hasn't found
2 hasn't found
77 hasn't found
192 hasn't found
224 hasn't found
18 hasn't found
1 has found

//////////////////----Chain_Hash_Table-----//////////////////

structure: 88 99 1 123 784 645 32 65 
2 hasn't found
43 hasn't found
65 has found
99 has found
32 has found
1 has found
123 has found
784 has found
23 hasn't found
774 hasn't found
111 hasn't found
192 hasn't found
5 hasn't found
771 hasn't found
912 hasn't found
4 hasn't found
11 hasn't found
784 has found
23 hasn't found
774 hasn't found
111 hasn't found
192 hasn't found
5 hasn't found
771 hasn't found
912 hasn't found
4 hasn't found
11 hasn't found
111 hasn't found
192 hasn't found
5 hasn't found
771 hasn't found
912 hasn't found
4 hasn't found
11 hasn't found
784 has found
23 hasn't found
774 hasn't found
111 hasn't found
771 hasn't found
912 hasn't found
4 hasn't found
11 hasn't found
111 hasn't found
192 hasn't found
5 hasn't found
771 hasn't found
912 hasn't found
4 hasn't found
11 hasn't found
784 has found
23 hasn't found
774 hasn't found
123 has found
784 has found
23 hasn't found
774 hasn't found
111 hasn't found
192 hasn't found
5 hasn't found
771 hasn't found
912 hasn't found
4 hasn't found
11 hasn't found
784 has found
23 hasn't found
774 hasn't found
111 hasn't found
192 hasn't found
5 hasn't found
771 hasn't found
912 hasn't found
4 hasn't found
11 hasn't found
111 hasn't found
192 hasn't found
5 hasn't found
771 hasn't found
912 hasn't found
4 hasn't found
32 has found
1 has found
123 has found
784 has found
23 hasn't found
774 hasn't found
111 hasn't found
192 hasn't found
5 hasn't found
771 hasn't found
912 hasn't found
4 hasn't found
11 hasn't found
784 has found
23 hasn't found
774 hasn't found
111 hasn't found
192 hasn't found
5 hasn't found
43 hasn't found
65 has found
99 has found
32 has found
1 has found
123 has found
784 has found
23 hasn't found
774 hasn't found
111 hasn't found
192 hasn't found
5 hasn't found
771 hasn't found
912 hasn't found
4 hasn't found
11 hasn't found
784 has found
23 hasn't found
771 hasn't found
784 has found
23 hasn't found
774 hasn't found
123 has found
784 has found
23 hasn't found
774 hasn't found
111 hasn't found
192 hasn't found
5 hasn't found
771 hasn't found
912 hasn't found
4 hasn't found
11 hasn't found
784 has found
23 hasn't found
774 hasn't found
111 hasn't found
192 hasn't found
5 hasn't found
771 hasn't found
912 hasn't found
4 hasn't found
11 hasn't found
111 hasn't found
192 hasn't found
5 hasn't found
771 hasn't found
912 hasn't found
4 hasn't found
32 has found
1 has found
123 has found
784 has found
23 hasn't found
774 hasn't found
111 hasn't found
192 hasn't found
5 hasn't found
771 hasn't found
912 hasn't found
4 hasn't found
11 hasn't found
784 has found
23 hasn't found
784 has found
23 hasn't found
774 hasn't found
111 hasn't found
192 hasn't found
5 hasn't found
771 hasn't found
912 hasn't found
4 hasn't found
11 hasn't found
784 has found
23 hasn't found
771 hasn't found
784 has found
4 hasn't found
11 hasn't found
784 has found
23 hasn't found
774 hasn't found
111 hasn't found
192 hasn't found
5 hasn't found
771 hasn't found
912 hasn't found
4 hasn't found
11 hasn't found
111 hasn't found
192 hasn't found
5 hasn't found
771 hasn't found
912 hasn't found
4 hasn't found
32 has found
1 has found
123 has found
912 hasn't found
4 hasn't found
11 hasn't found
111 hasn't found
192 hasn't found
5 hasn't found
771 hasn't found
912 hasn't found
4 hasn't found
11 hasn't found
784 has found
23 hasn't found
774 hasn't found
123 has found
784 has found
23 hasn't found
774 hasn't found
111 hasn't found
192 hasn't found
5 hasn't found
771 hasn't found
912 hasn't found
4 hasn't found
11 hasn't found
784 has found
23 hasn't found
774 hasn't found
111 hasn't found
192 hasn't found
5 hasn't found
771 hasn't found
912 hasn't found
4 hasn't found
11 hasn't found
111 hasn't found
192 hasn't found
5 hasn't found
771 hasn't found
912 hasn't found
4 hasn't found
32 has found
1 has found
123 has found
784 has found
23 hasn't found
774 hasn't found
111 hasn't found
192 hasn't found
5 hasn't found
771 hasn't found
912 hasn't found
4 hasn't found
11 hasn't found
784 has found
23 hasn't found
774 hasn't found
111 hasn't found
192 hasn't found
5 hasn't found
43 hasn't found
65 has found
99 has found
32 has found
1 has found
123 has found
784 has found
23 hasn't found
774 hasn't found
111 hasn't found
192 hasn't found
5 hasn't found
771 hasn't found
912 hasn't found
4 hasn't found
11 hasn't found
784 has found
23 hasn't found
771 hasn't found
784 has found
23 hasn't found
774 hasn't found
123 has found
784 has found
23 hasn't found
774 hasn't found
111 hasn't found
192 hasn't found
5 hasn't found
771 hasn't found
912 hasn't found
4 hasn't found
11 hasn't found
784 has found
23 hasn't found
774 hasn't found
111 hasn't found
192 hasn't found
5 hasn't found
771 hasn't found
912 hasn't found
4 hasn't found
11 hasn't found
111 hasn't found
192 hasn't found
5 hasn't found
771 hasn't found
912 hasn't found
4 hasn't found
32 has found
1 has found
123 has found
784 has found
23 hasn't found
774 hasn't found
111 hasn't found
192 hasn't found
5 hasn't found
771 hasn't found
912 hasn't found
4 hasn't found
11 hasn't found
784 has found
23 hasn't found
784 has found
23 hasn't found
774 hasn't found
111 hasn't found
192 hasn't found
5 hasn't found
771 hasn't found
912 hasn't found
4 hasn't found
11 hasn't found
784 has found
23 hasn't found
771 hasn't found
784 has found
4 hasn't found
11 hasn't found
784 has found
23 hasn't found
5 hasn't found
771 hasn't found
912 hasn't found
4 hasn't found
11 hasn't found
784 has found
23 hasn't found
771 hasn't found
784 has found
23 hasn't found
774 hasn't found
123 has found
784 has found
23 hasn't found
774 hasn't found
111 hasn't found
192 hasn't found
5 hasn't found
771 hasn't found
912 hasn't found
4 hasn't found
11 hasn't found
784 has found
23 hasn't found
774 hasn't found
111 hasn't found
192 hasn't found
5 hasn't found
771 hasn't found
912 hasn't found
4 hasn't found
11 hasn't found
111 hasn't found
192 hasn't found
5 hasn't found
771 hasn't found
912 hasn't found
4 hasn't found
32 has found
1 has found
123 has found
784 has found
23 hasn't found
774 hasn't found
111 hasn't found
192 hasn't found
5 hasn't found
771 hasn't found
912 hasn't found
4 hasn't found
11 hasn't found
784 has found
23 hasn't found
784 has found
23 hasn't found
774 hasn't found
111 hasn't found
192 hasn't found
5 hasn't found
771 hasn't found
912 hasn't found
4 hasn't found
11 hasn't found
784 has found
23 hasn't found
771 hasn't found
784 has found
4 hasn't found
11 hasn't found
784 has found
23 hasn't found
774 hasn't found
111 hasn't found
192 hasn't found
5 hasn't found
771 hasn't found
912 hasn't found
4 hasn't found
11 hasn't found
111 hasn't found
192 hasn't found
5 hasn't found
771 hasn't found
912 hasn't found
4 hasn't found
32 has found
1 has found
123 has found
912 hasn't found
4 hasn't found
11 hasn't found
111 hasn't found
192 hasn't found
5 hasn't found
771 hasn't found
912 hasn't found
4 hasn't found
11 hasn't found
784 has found
23 hasn't found
774 hasn't found
123 has found
784 has found
23 hasn't found
774 hasn't found
111 hasn't found
192 hasn't found
5 hasn't found
771 hasn't found
912 hasn't found
4 hasn't found
11 hasn't found
784 has found
23 hasn't found
774 hasn't found
111 hasn't found
192 hasn't found
5 hasn't found
771 hasn't found
912 hasn't found
4 hasn't found
11 hasn't found
111 hasn't found
192 hasn't found
5 hasn't found
771 hasn't found
912 hasn't found
4 hasn't found
32 has found
1 has found
123 has found
784 has found
23 hasn't found
774 hasn't found
111 hasn't found
192 hasn't found
5 hasn't found
771 hasn't found
912 hasn't found
4 hasn't found
11 hasn't found
784 has found
23 hasn't found
774 hasn't found
111 hasn't found
192 hasn't found
5 hasn't found
43 hasn't found
65 has found
99 has found
32 has found
1 has found
123 has found
784 has found
23 hasn't found
774 hasn't found
111 hasn't found
192 hasn't found
5 hasn't found
771 hasn't found
912 hasn't found
4 hasn't found
11 hasn't found
784 has found
23 hasn't found
771 hasn't found
784 has found
23 hasn't found
774 hasn't found
123 has found
784 has found
23 hasn't found
774 hasn't found
111 hasn't found
192 hasn't found
5 hasn't found
771 hasn't found
912 hasn't found
4 hasn't found
11 hasn't found
784 has found
23 hasn't found
774 hasn't found
111 hasn't found
192 hasn't found
5 hasn't found
771 hasn't found
912 hasn't found
4 hasn't found
11 hasn't found
111 hasn't found
192 hasn't found
5 hasn't found
771 hasn't found
912 hasn't found
4 hasn't found
32 has found
1 has found
123 has found
784 has found
23 hasn't found
774 hasn't found
111 hasn't found
192 hasn't found
5 hasn't found
771 hasn't found
912 hasn't found
4 hasn't found
11 hasn't found
784 has found
23 hasn't found
784 has found
23 hasn't found
774 hasn't found
111 hasn't found
192 hasn't found
5 hasn't found
771 hasn't found
912 hasn't found
4 hasn't found
11 hasn't found
784 has found
23 hasn't found
771 hasn't found
784 has found
4 hasn't found
11 hasn't found
784 has found
23 hasn't found
774 hasn't found
111 hasn't found
192 hasn't found
5 hasn't found
771 hasn't found
912 hasn't found
4 hasn't found
11 hasn't found
784 has found
23 hasn't found
771 hasn't found
784 has found
4 hasn't found
11 hasn't found
784 has found
23 hasn't found
2 hasn't found
77 hasn't found
192 hasn't found
224 hasn't found
18 hasn't found
1 has found
